--
--Testing cms_topn_union_agg function of the extension
--
CREATE TABLE union_agg (
	cms_topn_column cms_topn
);
--check with null values
INSERT INTO union_agg VALUES(NULL);
SELECT topn(cms_topn_union_agg(cms_topn_column), NULL::integer) from union_agg;
 topn 
------
(0 rows)

INSERT INTO union_agg VALUES(NULL);
SELECT topn(cms_topn_union_agg(cms_topn_column), NULL::integer) from union_agg;
 topn 
------
(0 rows)

INSERT INTO union_agg(cms_topn_column) SELECT cms_topn_add_agg(int_column, 2) FROM numbers WHERE int_column = 0;
SELECT topn(cms_topn_union_agg(cms_topn_column), NULL::integer) from union_agg;
  topn   
---------
 (0,200)
(1 row)

INSERT INTO union_agg(cms_topn_column) SELECT cms_topn_add_agg(int_column, 2) FROM numbers WHERE int_column = 1;
SELECT topn(cms_topn_union_agg(cms_topn_column), NULL::integer) from union_agg;
  topn   
---------
 (0,200)
 (1,10)
(2 rows)

INSERT INTO union_agg VALUES(NULL);
SELECT topn(cms_topn_union_agg(cms_topn_column), NULL::integer) from union_agg;
  topn   
---------
 (0,200)
 (1,10)
(2 rows)

--check cms_topns with different parameters
DELETE FROM union_agg;
INSERT INTO union_agg(cms_topn_column) SELECT cms_topn_add_agg(int_column, 1) FROM numbers WHERE int_column = 0;
INSERT INTO union_agg(cms_topn_column) SELECT cms_topn_add_agg(int_column, 1, 0.1, 0.9) FROM numbers WHERE int_column = 1;
SELECT topn(cms_topn_union_agg(cms_topn_column), NULL::integer) from union_agg;
ERROR:  cannot merge cms_topns with different parameters
DELETE FROM union_agg;
INSERT INTO union_agg(cms_topn_column) SELECT cms_topn_add_agg(int_column, 2) FROM numbers WHERE int_column = 0;
INSERT INTO union_agg(cms_topn_column) SELECT cms_topn_add_agg(int_column, 1) FROM numbers WHERE int_column = 0;
SELECT topn(cms_topn_union_agg(cms_topn_column), NULL::integer) from union_agg;
ERROR:  cannot merge cms_topns with different parameters
DELETE FROM union_agg;
INSERT INTO union_agg(cms_topn_column) SELECT cms_topn_add_agg(int_column, 4) FROM numbers WHERE int_column = 0;
INSERT INTO union_agg(cms_topn_column) SELECT cms_topn_add_agg(text_column, 2) FROM strings WHERE text_column = '0';
SELECT topn(cms_topn_union_agg(cms_topn_column), NULL::integer) from union_agg;
ERROR:  cannot merge cms_topns with different parameters
--check normal cases
DELETE FROM union_agg;
INSERT INTO union_agg(cms_topn_column) SELECT cms_topn_add_agg(int_column, 3) FROM numbers WHERE int_column = 0;
INSERT INTO union_agg(cms_topn_column) SELECT cms_topn_add_agg(int_column, 3) FROM numbers WHERE int_column = 1;
INSERT INTO union_agg(cms_topn_column) SELECT cms_topn_add_agg(int_column, 3) FROM numbers WHERE int_column = 2;
INSERT INTO union_agg(cms_topn_column) SELECT cms_topn_add_agg(int_column, 3) FROM numbers WHERE int_column = 3;
INSERT INTO union_agg(cms_topn_column) SELECT cms_topn_add_agg(int_column, 3) FROM numbers WHERE int_column = 4;
INSERT INTO union_agg(cms_topn_column) SELECT cms_topn_add_agg(int_column, 3) FROM numbers WHERE int_column = 5;
INSERT INTO union_agg(cms_topn_column) SELECT cms_topn_add_agg(int_column, 3) FROM numbers WHERE int_column = 6;
SELECT topn(cms_topn_union_agg(cms_topn_column), NULL::integer) from union_agg;
   topn    
-----------
 (4,40000)
 (5,6000)
 (0,200)
(3 rows)

